BG;40;609;E-Voice;0.86;160;36;5
 DK;11;743;JustPhone;0.67;82;74;41
